58796	698195	0.1	0.100082	1	Plague
58797	466990	0.1	0.124701	1	Plague
58798	466990	0.1	0.124389	1	Plague
58799	349807	0.1	0.145212	1	Plague
58800	400000	0.1	0.145556	1	Plague
58801	436000	0.1	0.145755	1	Plague
58802	470000	0.1	0.1454	1	Plague
58803	554600	0.1	0.146006	1	Plague
58804	654428	0.1	0.145787	1	Plague
58805	713327	0.1	0.145838	1	Plague
58806	900000	0.1	0.145837	1	Plague
58807	1000000	0.1	0.145868	1	Plague
58808	1100000	0.1	0.146033	1	Plague
58809	1100000	0.1	0.146191	1	Plague
58810	1100000	0.1	0.145959	1	Plague
58811	1100000	0.1	0.146175	1	Plague
58812	1100000	0.1	0.146312	1	Plague
58813	1100000	0.1	0.14625	1	Plague
58814	1100000	0.1	0.146176	1	Plague
58815	1100000	0.1	0.14621	1	Plague
58816	1100000	0.1	0.146036	1	Plague
58817	1100000	0.1	0.146119	1	Plague
58818	1100000	0.1	0.146205	1	Plague
58796	698195	0.1	0.104401	2	Plague
58797	466092	0.1	0.130937	2	Plague
58798	466092	0.1	0.131121	2	Plague
58799	349769	0.1	0.152554	2	Plague
58800	400000	0.1	0.15297	2	Plague
58801	436000	0.1	0.15342	2	Plague
58802	470000	0.1	0.154002	2	Plague
58803	554600	0.1	0.154284	2	Plague
58804	654428	0.1	0.154185	2	Plague
58805	713327	0.1	0.154202	2	Plague
58806	900000	0.1	0.153978	2	Plague
58807	1000000	0.1	0.154143	2	Plague
58808	1100000	0.1	0.1539	2	Plague
58809	1100000	0.1	0.154257	2	Plague
58810	1100000	0.1	0.154137	2	Plague
58811	1100000	0.1	0.154346	2	Plague
58812	1100000	0.1	0.154052	2	Plague
58813	1100000	0.1	0.153969	2	Plague
58814	1100000	0.1	0.153792	2	Plague
58815	1100000	0.1	0.15406	2	Plague
58816	1100000	0.1	0.153903	2	Plague
58817	1100000	0.1	0.153714	2	Plague
58818	1100000	0.1	0.153403	2	Plague
58796	698195	0.1	0.102391	3	Plague
58797	467301	0.1	0.127579	3	Plague
58798	467301	0.1	0.127694	3	Plague
58799	350169	0.1	0.148892	3	Plague
58800	400000	0.1	0.149631	3	Plague
58801	436000	0.1	0.149998	3	Plague
58802	470000	0.1	0.150284	3	Plague
58803	554600	0.1	0.150526	3	Plague
58804	654428	0.1	0.150303	3	Plague
58805	713327	0.1	0.150514	3	Plague
58806	900000	0.1	0.150578	3	Plague
58807	1000000	0.1	0.150887	3	Plague
58808	1100000	0.1	0.150812	3	Plague
58809	1100000	0.1	0.151027	3	Plague
58810	1100000	0.1	0.151396	3	Plague
58811	1100000	0.1	0.151943	3	Plague
58812	1100000	0.1	0.151748	3	Plague
58813	1100000	0.1	0.151686	3	Plague
58814	1100000	0.1	0.151655	3	Plague
58815	1100000	0.1	0.151459	3	Plague
58816	1100000	0.1	0.151445	3	Plague
58817	1100000	0.1	0.151723	3	Plague
58818	1100000	0.1	0.151511	3	Plague
58796	698195	0.1	0.101617	4	Plague
58797	466656	0.1	0.126913	4	Plague
58798	466656	0.1	0.126814	4	Plague
58799	350545	0.1	0.14748	4	Plague
58800	400000	0.1	0.147081	4	Plague
58801	436000	0.1	0.147375	4	Plague
58802	470000	0.1	0.146837	4	Plague
58803	554600	0.1	0.14648	4	Plague
58804	654428	0.1	0.146186	4	Plague
58805	713327	0.1	0.14595	4	Plague
58806	900000	0.1	0.146276	4	Plague
58807	1000000	0.1	0.146526	4	Plague
58808	1100000	0.1	0.146412	4	Plague
58809	1100000	0.1	0.145987	4	Plague
58810	1100000	0.1	0.146102	4	Plague
58811	1100000	0.1	0.146042	4	Plague
58812	1100000	0.1	0.145926	4	Plague
58813	1100000	0.1	0.146006	4	Plague
58814	1100000	0.1	0.146123	4	Plague
58815	1100000	0.1	0.146139	4	Plague
58816	1100000	0.1	0.146315	4	Plague
58817	1100000	0.1	0.146247	4	Plague
58818	1100000	0.1	0.146249	4	Plague
58796	698195	0.1	0.103998	5	Plague
58797	466484	0.1	0.130415	5	Plague
58798	466484	0.1	0.130352	5	Plague
58799	349917	0.1	0.151949	5	Plague
58800	400000	0.1	0.152161	5	Plague
58801	436000	0.1	0.152338	5	Plague
58802	470000	0.1	0.151901	5	Plague
58803	554600	0.1	0.151565	5	Plague
58804	654428	0.1	0.151399	5	Plague
58805	713327	0.1	0.151553	5	Plague
58806	900000	0.1	0.151599	5	Plague
58807	1000000	0.1	0.151509	5	Plague
58808	1100000	0.1	0.151585	5	Plague
58809	1100000	0.1	0.151866	5	Plague
58810	1100000	0.1	0.151662	5	Plague
58811	1100000	0.1	0.15148	5	Plague
58812	1100000	0.1	0.15135	5	Plague
58813	1100000	0.1	0.151322	5	Plague
58814	1100000	0.1	0.151465	5	Plague
58815	1100000	0.1	0.151526	5	Plague
58816	1100000	0.1	0.151316	5	Plague
58817	1100000	0.1	0.151571	5	Plague
58818	1100000	0.1	0.151835	5	Plague
58796	698195	0.1	0.102342	6	Plague
58797	467128	0.1	0.127475	6	Plague
58798	467128	0.1	0.127142	6	Plague
58799	350285	0.1	0.148695	6	Plague
58800	400000	0.1	0.148621	6	Plague
58801	436000	0.1	0.148673	6	Plague
58802	470000	0.1	0.148987	6	Plague
58803	554600	0.1	0.148844	6	Plague
58804	654428	0.1	0.148859	6	Plague
58805	713327	0.1	0.149744	6	Plague
58806	900000	0.1	0.150275	6	Plague
58807	1000000	0.1	0.150088	6	Plague
58808	1100000	0.1	0.149978	6	Plague
58809	1100000	0.1	0.150056	6	Plague
58810	1100000	0.1	0.149912	6	Plague
58811	1100000	0.1	0.150136	6	Plague
58812	1100000	0.1	0.150083	6	Plague
58813	1100000	0.1	0.150034	6	Plague
58814	1100000	0.1	0.15022	6	Plague
58815	1100000	0.1	0.150272	6	Plague
58816	1100000	0.1	0.150413	6	Plague
58817	1100000	0.1	0.150361	6	Plague
58818	1100000	0.1	0.150443	6	Plague
58796	698195	0.1	0.100922	7	Plague
58797	466575	0.1	0.126188	7	Plague
58798	466575	0.1	0.12657	7	Plague
58799	350371	0.1	0.147859	7	Plague
58800	400000	0.1	0.14748	7	Plague
58801	436000	0.1	0.147587	7	Plague
58802	470000	0.1	0.14739	7	Plague
58803	554600	0.1	0.146952	7	Plague
58804	654428	0.1	0.147101	7	Plague
58805	713327	0.1	0.147135	7	Plague
58806	900000	0.1	0.146687	7	Plague
58807	1000000	0.1	0.146819	7	Plague
58808	1100000	0.1	0.146608	7	Plague
58809	1100000	0.1	0.146755	7	Plague
58810	1100000	0.1	0.146565	7	Plague
58811	1100000	0.1	0.14657	7	Plague
58812	1100000	0.1	0.146511	7	Plague
58813	1100000	0.1	0.146625	7	Plague
58814	1100000	0.1	0.147191	7	Plague
58815	1100000	0.1	0.146943	7	Plague
58816	1100000	0.1	0.146929	7	Plague
58817	1100000	0.1	0.146738	7	Plague
58818	1100000	0.1	0.146847	7	Plague
58796	698195	0.1	0.101018	8	Plague
58797	466647	0.1	0.126791	8	Plague
58798	466647	0.1	0.1267	8	Plague
58799	349973	0.1	0.147657	8	Plague
58800	400000	0.1	0.148415	8	Plague
58801	436000	0.1	0.148671	8	Plague
58802	470000	0.1	0.148624	8	Plague
58803	554600	0.1	0.149274	8	Plague
58804	654428	0.1	0.149285	8	Plague
58805	713327	0.1	0.149174	8	Plague
58806	900000	0.1	0.148996	8	Plague
58807	1000000	0.1	0.148726	8	Plague
58808	1100000	0.1	0.14852	8	Plague
58809	1100000	0.1	0.14854	8	Plague
58810	1100000	0.1	0.149004	8	Plague
58811	1100000	0.1	0.14904	8	Plague
58812	1100000	0.1	0.1489	8	Plague
58813	1100000	0.1	0.148738	8	Plague
58814	1100000	0.1	0.148829	8	Plague
58815	1100000	0.1	0.14848	8	Plague
58816	1100000	0.1	0.148632	8	Plague
58817	1100000	0.1	0.148712	8	Plague
58818	1100000	0.1	0.148605	8	Plague
58796	698195	0.1	0.104573	9	Plague
58797	466501	0.1	0.130349	9	Plague
58798	466501	0.1	0.130147	9	Plague
58799	350099	0.1	0.151626	9	Plague
58800	400000	0.1	0.151236	9	Plague
58801	436000	0.1	0.150825	9	Plague
58802	470000	0.1	0.151453	9	Plague
58803	554600	0.1	0.151717	9	Plague
58804	654428	0.1	0.151783	9	Plague
58805	713327	0.1	0.152317	9	Plague
58806	900000	0.1	0.152477	9	Plague
58807	1000000	0.1	0.152522	9	Plague
58808	1100000	0.1	0.152174	9	Plague
58809	1100000	0.1	0.152121	9	Plague
58810	1100000	0.1	0.151727	9	Plague
58811	1100000	0.1	0.151772	9	Plague
58812	1100000	0.1	0.151376	9	Plague
58813	1100000	0.1	0.151627	9	Plague
58814	1100000	0.1	0.151795	9	Plague
58815	1100000	0.1	0.151667	9	Plague
58816	1100000	0.1	0.151394	9	Plague
58817	1100000	0.1	0.151657	9	Plague
58818	1100000	0.1	0.151677	9	Plague
58796	698195	0.1	0.102283	10	Plague
58797	466498	0.1	0.12758	10	Plague
58798	466498	0.1	0.127799	10	Plague
58799	349854	0.1	0.149334	10	Plague
58800	400000	0.1	0.149601	10	Plague
58801	436000	0.1	0.149329	10	Plague
58802	470000	0.1	0.14933	10	Plague
58803	554600	0.1	0.149935	10	Plague
58804	654428	0.1	0.149828	10	Plague
58805	713327	0.1	0.14994	10	Plague
58806	900000	0.1	0.149848	10	Plague
58807	1000000	0.1	0.149175	10	Plague
58808	1100000	0.1	0.148961	10	Plague
58809	1100000	0.1	0.149238	10	Plague
58810	1100000	0.1	0.149096	10	Plague
58811	1100000	0.1	0.149006	10	Plague
58812	1100000	0.1	0.1489	10	Plague
58813	1100000	0.1	0.148979	10	Plague
58814	1100000	0.1	0.148845	10	Plague
58815	1100000	0.1	0.14884	10	Plague
58816	1100000	0.1	0.148988	10	Plague
58817	1100000	0.1	0.14874	10	Plague
58818	1100000	0.1	0.14906	10	Plague
58796	698195	0.2	0.204245	1	Plague
58797	466983	0.2	0.256198	1	Plague
58798	466983	0.2	0.257011	1	Plague
58799	349759	0.2	0.300688	1	Plague
58800	400000	0.2	0.301336	1	Plague
58801	436000	0.2	0.300647	1	Plague
58802	470000	0.2	0.299317	1	Plague
58803	554600	0.2	0.298624	1	Plague
58804	654428	0.2	0.29848	1	Plague
58805	713327	0.2	0.298133	1	Plague
58806	900000	0.2	0.297977	1	Plague
58807	1000000	0.2	0.297857	1	Plague
58808	1100000	0.2	0.298066	1	Plague
58809	1100000	0.2	0.297672	1	Plague
58810	1100000	0.2	0.298379	1	Plague
58811	1100000	0.2	0.298855	1	Plague
58812	1100000	0.2	0.298919	1	Plague
58813	1100000	0.2	0.299327	1	Plague
58814	1100000	0.2	0.299125	1	Plague
58815	1100000	0.2	0.299129	1	Plague
58816	1100000	0.2	0.299027	1	Plague
58817	1100000	0.2	0.299251	1	Plague
58818	1100000	0.2	0.298577	1	Plague
58796	698195	0.2	0.200399	2	Plague
58797	466220	0.2	0.251217	2	Plague
58798	466220	0.2	0.251293	2	Plague
58799	349788	0.2	0.29228	2	Plague
58800	400000	0.2	0.292579	2	Plague
58801	436000	0.2	0.291825	2	Plague
58802	470000	0.2	0.291474	2	Plague
58803	554600	0.2	0.291902	2	Plague
58804	654428	0.2	0.291589	2	Plague
58805	713327	0.2	0.291636	2	Plague
58806	900000	0.2	0.291874	2	Plague
58807	1000000	0.2	0.292503	2	Plague
58808	1100000	0.2	0.29264	2	Plague
58809	1100000	0.2	0.292357	2	Plague
58810	1100000	0.2	0.29212	2	Plague
58811	1100000	0.2	0.292224	2	Plague
58812	1100000	0.2	0.292791	2	Plague
58813	1100000	0.2	0.292431	2	Plague
58814	1100000	0.2	0.292779	2	Plague
58815	1100000	0.2	0.292834	2	Plague
58816	1100000	0.2	0.292781	2	Plague
58817	1100000	0.2	0.292854	2	Plague
58818	1100000	0.2	0.292985	2	Plague
58796	698195	0.2	0.201755	3	Plague
58797	466541	0.2	0.252211	3	Plague
58798	466541	0.2	0.252602	3	Plague
58799	349726	0.2	0.295408	3	Plague
58800	400000	0.2	0.295344	3	Plague
58801	436000	0.2	0.295349	3	Plague
58802	470000	0.2	0.295617	3	Plague
58803	554600	0.2	0.295529	3	Plague
58804	654428	0.2	0.295942	3	Plague
58805	713327	0.2	0.296057	3	Plague
58806	900000	0.2	0.296147	3	Plague
58807	1000000	0.2	0.29638	3	Plague
58808	1100000	0.2	0.296884	3	Plague
58809	1100000	0.2	0.297009	3	Plague
58810	1100000	0.2	0.296466	3	Plague
58811	1100000	0.2	0.296957	3	Plague
58812	1100000	0.2	0.296499	3	Plague
58813	1100000	0.2	0.296581	3	Plague
58814	1100000	0.2	0.296504	3	Plague
58815	1100000	0.2	0.296055	3	Plague
58816	1100000	0.2	0.296551	3	Plague
58817	1100000	0.2	0.297052	3	Plague
58818	1100000	0.2	0.297023	3	Plague
58796	698195	0.2	0.201236	4	Plague
58797	466379	0.2	0.251397	4	Plague
58798	466379	0.2	0.250784	4	Plague
58799	350001	0.2	0.292291	4	Plague
58800	400000	0.2	0.291364	4	Plague
58801	436000	0.2	0.29124	4	Plague
58802	470000	0.2	0.291672	4	Plague
58803	554600	0.2	0.291594	4	Plague
58804	654428	0.2	0.291508	4	Plague
58805	713327	0.2	0.291469	4	Plague
58806	900000	0.2	0.291644	4	Plague
58807	1000000	0.2	0.291889	4	Plague
58808	1100000	0.2	0.292299	4	Plague
58809	1100000	0.2	0.291916	4	Plague
58810	1100000	0.2	0.29241	4	Plague
58811	1100000	0.2	0.292139	4	Plague
58812	1100000	0.2	0.292376	4	Plague
58813	1100000	0.2	0.291915	4	Plague
58814	1100000	0.2	0.291657	4	Plague
58815	1100000	0.2	0.291926	4	Plague
58816	1100000	0.2	0.291948	4	Plague
58817	1100000	0.2	0.291744	4	Plague
58818	1100000	0.2	0.29208	4	Plague
58796	698195	0.2	0.204467	5	Plague
58797	466387	0.2	0.255182	5	Plague
58798	466387	0.2	0.255053	5	Plague
58799	349698	0.2	0.298743	5	Plague
58800	400000	0.2	0.299005	5	Plague
58801	436000	0.2	0.299736	5	Plague
58802	470000	0.2	0.298929	5	Plague
58803	554600	0.2	0.299279	5	Plague
58804	654428	0.2	0.299699	5	Plague
58805	713327	0.2	0.299991	5	Plague
58806	900000	0.2	0.300129	5	Plague
58807	1000000	0.2	0.300322	5	Plague
58808	1100000	0.2	0.300636	5	Plague
58809	1100000	0.2	0.300736	5	Plague
58810	1100000	0.2	0.300516	5	Plague
58811	1100000	0.2	0.300497	5	Plague
58812	1100000	0.2	0.300706	5	Plague
58813	1100000	0.2	0.300195	5	Plague
58814	1100000	0.2	0.30059	5	Plague
58815	1100000	0.2	0.300481	5	Plague
58816	1100000	0.2	0.300455	5	Plague
58817	1100000	0.2	0.300525	5	Plague
58818	1100000	0.2	0.300627	5	Plague
58796	698195	0.2	0.201245	6	Plague
58797	466783	0.2	0.251319	6	Plague
58798	466783	0.2	0.252304	6	Plague
58799	349965	0.2	0.294321	6	Plague
58800	400000	0.2	0.294726	6	Plague
58801	436000	0.2	0.294494	6	Plague
58802	470000	0.2	0.294795	6	Plague
58803	554600	0.2	0.294926	6	Plague
58804	654428	0.2	0.29491	6	Plague
58805	713327	0.2	0.295051	6	Plague
58806	900000	0.2	0.294679	6	Plague
58807	1000000	0.2	0.294916	6	Plague
58808	1100000	0.2	0.294869	6	Plague
58809	1100000	0.2	0.29499	6	Plague
58810	1100000	0.2	0.295176	6	Plague
58811	1100000	0.2	0.29523	6	Plague
58812	1100000	0.2	0.295316	6	Plague
58813	1100000	0.2	0.295445	6	Plague
58814	1100000	0.2	0.295895	6	Plague
58815	1100000	0.2	0.296191	6	Plague
58816	1100000	0.2	0.296126	6	Plague
58817	1100000	0.2	0.295962	6	Plague
58818	1100000	0.2	0.295987	6	Plague
58796	698195	0.2	0.201398	7	Plague
58797	466432	0.2	0.251828	7	Plague
58798	466432	0.2	0.251166	7	Plague
58799	350168	0.2	0.292834	7	Plague
58800	400000	0.2	0.293693	7	Plague
58801	436000	0.2	0.294274	7	Plague
58802	470000	0.2	0.293716	7	Plague
58803	554600	0.2	0.293674	7	Plague
58804	654428	0.2	0.29329	7	Plague
58805	713327	0.2	0.293272	7	Plague
58806	900000	0.2	0.293252	7	Plague
58807	1000000	0.2	0.293506	7	Plague
58808	1100000	0.2	0.293765	7	Plague
58809	1100000	0.2	0.293461	7	Plague
58810	1100000	0.2	0.293532	7	Plague
58811	1100000	0.2	0.293337	7	Plague
58812	1100000	0.2	0.292756	7	Plague
58813	1100000	0.2	0.293261	7	Plague
58814	1100000	0.2	0.292848	7	Plague
58815	1100000	0.2	0.293019	7	Plague
58816	1100000	0.2	0.293022	7	Plague
58817	1100000	0.2	0.29325	7	Plague
58818	1100000	0.2	0.293414	7	Plague
58796	698195	0.2	0.203289	8	Plague
58797	466569	0.2	0.254246	8	Plague
58798	466569	0.2	0.25383	8	Plague
58799	349773	0.2	0.296587	8	Plague
58800	400000	0.2	0.295468	8	Plague
58801	436000	0.2	0.294553	8	Plague
58802	470000	0.2	0.293713	8	Plague
58803	554600	0.2	0.293107	8	Plague
58804	654428	0.2	0.293303	8	Plague
58805	713327	0.2	0.293522	8	Plague
58806	900000	0.2	0.293119	8	Plague
58807	1000000	0.2	0.293393	8	Plague
58808	1100000	0.2	0.293169	8	Plague
58809	1100000	0.2	0.293261	8	Plague
58810	1100000	0.2	0.293527	8	Plague
58811	1100000	0.2	0.293505	8	Plague
58812	1100000	0.2	0.293393	8	Plague
58813	1100000	0.2	0.293414	8	Plague
58814	1100000	0.2	0.293333	8	Plague
58815	1100000	0.2	0.293449	8	Plague
58816	1100000	0.2	0.293321	8	Plague
58817	1100000	0.2	0.293084	8	Plague
58818	1100000	0.2	0.292745	8	Plague
58796	698195	0.2	0.201187	9	Plague
58797	466764	0.2	0.251518	9	Plague
58798	466764	0.2	0.251295	9	Plague
58799	350196	0.2	0.292939	9	Plague
58800	400000	0.2	0.292388	9	Plague
58801	436000	0.2	0.292409	9	Plague
58802	470000	0.2	0.292726	9	Plague
58803	554600	0.2	0.292268	9	Plague
58804	654428	0.2	0.292537	9	Plague
58805	713327	0.2	0.292451	9	Plague
58806	900000	0.2	0.292575	9	Plague
58807	1000000	0.2	0.292802	9	Plague
58808	1100000	0.2	0.292556	9	Plague
58809	1100000	0.2	0.292787	9	Plague
58810	1100000	0.2	0.292518	9	Plague
58811	1100000	0.2	0.292218	9	Plague
58812	1100000	0.2	0.292722	9	Plague
58813	1100000	0.2	0.29266	9	Plague
58814	1100000	0.2	0.29194	9	Plague
58815	1100000	0.2	0.291555	9	Plague
58816	1100000	0.2	0.291859	9	Plague
58817	1100000	0.2	0.292052	9	Plague
58818	1100000	0.2	0.29221	9	Plague
58796	698195	0.2	0.200989	10	Plague
58797	466191	0.2	0.251859	10	Plague
58798	466191	0.2	0.251379	10	Plague
58799	350131	0.2	0.294198	10	Plague
58800	400000	0.2	0.293641	10	Plague
58801	436000	0.2	0.293778	10	Plague
58802	470000	0.2	0.293855	10	Plague
58803	554600	0.2	0.294427	10	Plague
58804	654428	0.2	0.294396	10	Plague
58805	713327	0.2	0.293872	10	Plague
58806	900000	0.2	0.293772	10	Plague
58807	1000000	0.2	0.293427	10	Plague
58808	1100000	0.2	0.293642	10	Plague
58809	1100000	0.2	0.293436	10	Plague
58810	1100000	0.2	0.29358	10	Plague
58811	1100000	0.2	0.293125	10	Plague
58812	1100000	0.2	0.293358	10	Plague
58813	1100000	0.2	0.29357	10	Plague
58814	1100000	0.2	0.29401	10	Plague
58815	1100000	0.2	0.293526	10	Plague
58816	1100000	0.2	0.293403	10	Plague
58817	1100000	0.2	0.293146	10	Plague
58818	1100000	0.2	0.2932	10	Plague
58796	698195	0.3	0.303901	1	Plague
58797	466863	0.3	0.380552	1	Plague
58798	466863	0.3	0.381119	1	Plague
58799	349681	0.3	0.444908	1	Plague
58800	400000	0.3	0.444508	1	Plague
58801	436000	0.3	0.444144	1	Plague
58802	470000	0.3	0.44436	1	Plague
58803	554600	0.3	0.444057	1	Plague
58804	654428	0.3	0.443366	1	Plague
58805	713327	0.3	0.443114	1	Plague
58806	900000	0.3	0.442882	1	Plague
58807	1000000	0.3	0.443344	1	Plague
58808	1100000	0.3	0.443322	1	Plague
58809	1100000	0.3	0.443772	1	Plague
58810	1100000	0.3	0.444422	1	Plague
58811	1100000	0.3	0.444276	1	Plague
58812	1100000	0.3	0.444073	1	Plague
58813	1100000	0.3	0.443545	1	Plague
58814	1100000	0.3	0.443783	1	Plague
58815	1100000	0.3	0.443558	1	Plague
58816	1100000	0.3	0.443905	1	Plague
58817	1100000	0.3	0.444044	1	Plague
58818	1100000	0.3	0.444258	1	Plague
58796	698195	0.3	0.302283	2	Plague
58797	466559	0.3	0.378022	2	Plague
58798	466559	0.3	0.378157	2	Plague
58799	349981	0.3	0.441355	2	Plague
58800	400000	0.3	0.440221	2	Plague
58801	436000	0.3	0.439841	2	Plague
58802	470000	0.3	0.439398	2	Plague
58803	554600	0.3	0.439807	2	Plague
58804	654428	0.3	0.440034	2	Plague
58805	713327	0.3	0.439684	2	Plague
58806	900000	0.3	0.43989	2	Plague
58807	1000000	0.3	0.440338	2	Plague
58808	1100000	0.3	0.4405	2	Plague
58809	1100000	0.3	0.440197	2	Plague
58810	1100000	0.3	0.439921	2	Plague
58811	1100000	0.3	0.440135	2	Plague
58812	1100000	0.3	0.440392	2	Plague
58813	1100000	0.3	0.440316	2	Plague
58814	1100000	0.3	0.440725	2	Plague
58815	1100000	0.3	0.44086	2	Plague
58816	1100000	0.3	0.4408	2	Plague
58817	1100000	0.3	0.440558	2	Plague
58818	1100000	0.3	0.440785	2	Plague
58796	698195	0.3	0.301063	3	Plague
58797	467172	0.3	0.376642	3	Plague
58798	467172	0.3	0.37638	3	Plague
58799	349767	0.3	0.43935	3	Plague
58800	400000	0.3	0.43905	3	Plague
58801	436000	0.3	0.438227	3	Plague
58802	470000	0.3	0.438251	3	Plague
58803	554600	0.3	0.438399	3	Plague
58804	654428	0.3	0.438714	3	Plague
58805	713327	0.3	0.438562	3	Plague
58806	900000	0.3	0.43879	3	Plague
58807	1000000	0.3	0.438607	3	Plague
58808	1100000	0.3	0.439335	3	Plague
58809	1100000	0.3	0.439215	3	Plague
58810	1100000	0.3	0.439026	3	Plague
58811	1100000	0.3	0.43969	3	Plague
58812	1100000	0.3	0.439473	3	Plague
58813	1100000	0.3	0.439573	3	Plague
58814	1100000	0.3	0.439851	3	Plague
58815	1100000	0.3	0.439445	3	Plague
58816	1100000	0.3	0.439233	3	Plague
58817	1100000	0.3	0.439027	3	Plague
58818	1100000	0.3	0.438726	3	Plague
58796	698195	0.3	0.301096	4	Plague
58797	466740	0.3	0.376685	4	Plague
58798	466740	0.3	0.377266	4	Plague
58799	350416	0.3	0.440221	4	Plague
58800	400000	0.3	0.439571	4	Plague
58801	436000	0.3	0.43969	4	Plague
58802	470000	0.3	0.440268	4	Plague
58803	554600	0.3	0.439882	4	Plague
58804	654428	0.3	0.440754	4	Plague
58805	713327	0.3	0.44171	4	Plague
58806	900000	0.3	0.441014	4	Plague
58807	1000000	0.3	0.440987	4	Plague
58808	1100000	0.3	0.440808	4	Plague
58809	1100000	0.3	0.440763	4	Plague
58810	1100000	0.3	0.44042	4	Plague
58811	1100000	0.3	0.440526	4	Plague
58812	1100000	0.3	0.440965	4	Plague
58813	1100000	0.3	0.440737	4	Plague
58814	1100000	0.3	0.440542	4	Plague
58815	1100000	0.3	0.440075	4	Plague
58816	1100000	0.3	0.439821	4	Plague
58817	1100000	0.3	0.439805	4	Plague
58818	1100000	0.3	0.43963	4	Plague
58796	698195	0.3	0.300395	5	Plague
58797	466294	0.3	0.375431	5	Plague
58798	466294	0.3	0.374887	5	Plague
58799	349932	0.3	0.436519	5	Plague
58800	400000	0.3	0.43595	5	Plague
58801	436000	0.3	0.437564	5	Plague
58802	470000	0.3	0.438329	5	Plague
58803	554600	0.3	0.438178	5	Plague
58804	654428	0.3	0.43781	5	Plague
58805	713327	0.3	0.437058	5	Plague
58806	900000	0.3	0.436767	5	Plague
58807	1000000	0.3	0.437014	5	Plague
58808	1100000	0.3	0.43711	5	Plague
58809	1100000	0.3	0.436871	5	Plague
58810	1100000	0.3	0.436875	5	Plague
58811	1100000	0.3	0.437197	5	Plague
58812	1100000	0.3	0.437076	5	Plague
58813	1100000	0.3	0.437591	5	Plague
58814	1100000	0.3	0.43788	5	Plague
58815	1100000	0.3	0.437613	5	Plague
58816	1100000	0.3	0.436924	5	Plague
58817	1100000	0.3	0.436714	5	Plague
58818	1100000	0.3	0.436778	5	Plague
58796	698195	0.3	0.300266	6	Plague
58797	466801	0.3	0.375194	6	Plague
58798	466801	0.3	0.374843	6	Plague
58799	350435	0.3	0.437489	6	Plague
58800	400000	0.3	0.437049	6	Plague
58801	436000	0.3	0.435822	6	Plague
58802	470000	0.3	0.435667	6	Plague
58803	554600	0.3	0.436771	6	Plague
58804	654428	0.3	0.437102	6	Plague
58805	713327	0.3	0.437416	6	Plague
58806	900000	0.3	0.437072	6	Plague
58807	1000000	0.3	0.437269	6	Plague
58808	1100000	0.3	0.437407	6	Plague
58809	1100000	0.3	0.43764	6	Plague
58810	1100000	0.3	0.437939	6	Plague
58811	1100000	0.3	0.43769	6	Plague
58812	1100000	0.3	0.437877	6	Plague
58813	1100000	0.3	0.437422	6	Plague
58814	1100000	0.3	0.436872	6	Plague
58815	1100000	0.3	0.43668	6	Plague
58816	1100000	0.3	0.436496	6	Plague
58817	1100000	0.3	0.436377	6	Plague
58818	1100000	0.3	0.436247	6	Plague
58796	698195	0.3	0.301536	7	Plague
58797	466539	0.3	0.378542	7	Plague
58798	466539	0.3	0.378571	7	Plague
58799	349906	0.3	0.44148	7	Plague
58800	400000	0.3	0.441064	7	Plague
58801	436000	0.3	0.440694	7	Plague
58802	470000	0.3	0.440654	7	Plague
58803	554600	0.3	0.44045	7	Plague
58804	654428	0.3	0.440187	7	Plague
58805	713327	0.3	0.439847	7	Plague
58806	900000	0.3	0.440148	7	Plague
58807	1000000	0.3	0.440723	7	Plague
58808	1100000	0.3	0.441123	7	Plague
58809	1100000	0.3	0.440832	7	Plague
58810	1100000	0.3	0.440732	7	Plague
58811	1100000	0.3	0.440368	7	Plague
58812	1100000	0.3	0.44014	7	Plague
58813	1100000	0.3	0.44019	7	Plague
58814	1100000	0.3	0.440113	7	Plague
58815	1100000	0.3	0.439576	7	Plague
58816	1100000	0.3	0.439595	7	Plague
58817	1100000	0.3	0.439574	7	Plague
58818	1100000	0.3	0.439881	7	Plague
58796	698195	0.3	0.303785	8	Plague
58797	466562	0.3	0.381241	8	Plague
58798	466562	0.3	0.381805	8	Plague
58799	349707	0.3	0.445662	8	Plague
58800	400000	0.3	0.445084	8	Plague
58801	436000	0.3	0.445265	8	Plague
58802	470000	0.3	0.444814	8	Plague
58803	554600	0.3	0.444489	8	Plague
58804	654428	0.3	0.444484	8	Plague
58805	713327	0.3	0.443494	8	Plague
58806	900000	0.3	0.443914	8	Plague
58807	1000000	0.3	0.444094	8	Plague
58808	1100000	0.3	0.443742	8	Plague
58809	1100000	0.3	0.443849	8	Plague
58810	1100000	0.3	0.443447	8	Plague
58811	1100000	0.3	0.443015	8	Plague
58812	1100000	0.3	0.443443	8	Plague
58813	1100000	0.3	0.443627	8	Plague
58814	1100000	0.3	0.443506	8	Plague
58815	1100000	0.3	0.443446	8	Plague
58816	1100000	0.3	0.443691	8	Plague
58817	1100000	0.3	0.443545	8	Plague
58818	1100000	0.3	0.442824	8	Plague
58796	698195	0.3	0.304961	9	Plague
58797	466479	0.3	0.381952	9	Plague
58798	466479	0.3	0.382721	9	Plague
58799	349725	0.3	0.445893	9	Plague
58800	400000	0.3	0.445751	9	Plague
58801	436000	0.3	0.445675	9	Plague
58802	470000	0.3	0.446097	9	Plague
58803	554600	0.3	0.445527	9	Plague
58804	654428	0.3	0.444882	9	Plague
58805	713327	0.3	0.444518	9	Plague
58806	900000	0.3	0.443972	9	Plague
58807	1000000	0.3	0.443925	9	Plague
58808	1100000	0.3	0.443752	9	Plague
58809	1100000	0.3	0.443427	9	Plague
58810	1100000	0.3	0.443579	9	Plague
58811	1100000	0.3	0.443496	9	Plague
58812	1100000	0.3	0.443602	9	Plague
58813	1100000	0.3	0.443681	9	Plague
58814	1100000	0.3	0.443719	9	Plague
58815	1100000	0.3	0.444376	9	Plague
58816	1100000	0.3	0.444355	9	Plague
58817	1100000	0.3	0.444426	9	Plague
58818	1100000	0.3	0.444414	9	Plague
58796	698195	0.3	0.300584	10	Plague
58797	466142	0.3	0.37606	10	Plague
58798	466142	0.3	0.376128	10	Plague
58799	349905	0.3	0.438562	10	Plague
58800	400000	0.3	0.438888	10	Plague
58801	436000	0.3	0.437767	10	Plague
58802	470000	0.3	0.437264	10	Plague
58803	554600	0.3	0.436909	10	Plague
58804	654428	0.3	0.437733	10	Plague
58805	713327	0.3	0.438209	10	Plague
58806	900000	0.3	0.438275	10	Plague
58807	1000000	0.3	0.438184	10	Plague
58808	1100000	0.3	0.437735	10	Plague
58809	1100000	0.3	0.437413	10	Plague
58810	1100000	0.3	0.436814	10	Plague
58811	1100000	0.3	0.436414	10	Plague
58812	1100000	0.3	0.436685	10	Plague
58813	1100000	0.3	0.437081	10	Plague
58814	1100000	0.3	0.437413	10	Plague
58815	1100000	0.3	0.437415	10	Plague
58816	1100000	0.3	0.436718	10	Plague
58817	1100000	0.3	0.436617	10	Plague
58818	1100000	0.3	0.43621	10	Plague
40000	16000	0.1	0.104813	1	Rinderpest
40001	16000	0.1	0.100719	1	Rinderpest
40002	1662	0.1	0.536101	1	Rinderpest
40003	2063	0.1	0.546292	1	Rinderpest
40004	2560	0.1	0.54043	1	Rinderpest
40005	3178	0.1	0.531938	1	Rinderpest
40006	3944	0.1	0.529031	1	Rinderpest
40007	4896	0.1	0.53125	1	Rinderpest
40008	6077	0.1	0.528633	1	Rinderpest
40009	7542	0.1	0.53043	1	Rinderpest
40010	9362	0.1	0.532952	1	Rinderpest
40011	11620	0.1	0.533348	1	Rinderpest
40012	14422	0.1	0.529746	1	Rinderpest
40013	17901	0.1	0.53187	1	Rinderpest
40014	22218	0.1	0.533194	1	Rinderpest
40015	27577	0.1	0.531276	1	Rinderpest
40016	34229	0.1	0.534342	1	Rinderpest
40017	42485	0.1	0.533894	1	Rinderpest
40000	16000	0.1	0.100187	2	Rinderpest
40001	16000	0.1	0.0989063	2	Rinderpest
40002	1660	0.1	0.546687	2	Rinderpest
40003	2060	0.1	0.562136	2	Rinderpest
40004	2557	0.1	0.567266	2	Rinderpest
40005	3174	0.1	0.570416	2	Rinderpest
40006	3940	0.1	0.571066	2	Rinderpest
40007	4890	0.1	0.570552	2	Rinderpest
40008	6069	0.1	0.570522	2	Rinderpest
40009	7533	0.1	0.567038	2	Rinderpest
40010	9350	0.1	0.566684	2	Rinderpest
40011	11606	0.1	0.566345	2	Rinderpest
40012	14405	0.1	0.57126	2	Rinderpest
40013	17879	0.1	0.57067	2	Rinderpest
40014	22192	0.1	0.572143	2	Rinderpest
40015	27544	0.1	0.574717	2	Rinderpest
40016	34188	0.1	0.575114	2	Rinderpest
40017	42434	0.1	0.57408	2	Rinderpest
40000	16000	0.1	0.101281	3	Rinderpest
40001	16000	0.1	0.100562	3	Rinderpest
40002	1615	0.1	0.529721	3	Rinderpest
40003	2005	0.1	0.533915	3	Rinderpest
40004	2488	0.1	0.523714	3	Rinderpest
40005	3088	0.1	0.53206	3	Rinderpest
40006	3833	0.1	0.526481	3	Rinderpest
40007	4757	0.1	0.535106	3	Rinderpest
40008	5905	0.1	0.537003	3	Rinderpest
40009	7329	0.1	0.539774	3	Rinderpest
40010	9097	0.1	0.539079	3	Rinderpest
40011	11291	0.1	0.54105	3	Rinderpest
40012	14014	0.1	0.53575	3	Rinderpest
40013	17395	0.1	0.53639	3	Rinderpest
40014	21590	0.1	0.537471	3	Rinderpest
40015	26798	0.1	0.535712	3	Rinderpest
40016	33261	0.1	0.535131	3	Rinderpest
40017	41283	0.1	0.535426	3	Rinderpest
40000	16000	0.1	0.10025	4	Rinderpest
40001	16000	0.1	0.0992813	4	Rinderpest
40002	1609	0.1	0.53729	4	Rinderpest
40003	1997	0.1	0.538307	4	Rinderpest
40004	2479	0.1	0.535296	4	Rinderpest
40005	3077	0.1	0.537212	4	Rinderpest
40006	3819	0.1	0.52697	4	Rinderpest
40007	4740	0.1	0.532595	4	Rinderpest
40008	5883	0.1	0.536546	4	Rinderpest
40009	7302	0.1	0.538825	4	Rinderpest
40010	9063	0.1	0.538343	4	Rinderpest
40011	11249	0.1	0.541204	4	Rinderpest
40012	13962	0.1	0.540037	4	Rinderpest
40013	17330	0.1	0.5397	4	Rinderpest
40014	21510	0.1	0.540237	4	Rinderpest
40015	26698	0.1	0.539947	4	Rinderpest
40016	33137	0.1	0.540393	4	Rinderpest
40017	41130	0.1	0.541381	4	Rinderpest
40000	16000	0.1	0.104156	5	Rinderpest
40001	16000	0.1	0.103594	5	Rinderpest
40002	1612	0.1	0.550248	5	Rinderpest
40003	2001	0.1	0.545477	5	Rinderpest
40004	2483	0.1	0.546919	5	Rinderpest
40005	3082	0.1	0.544127	5	Rinderpest
40006	3826	0.1	0.545348	5	Rinderpest
40007	4749	0.1	0.540219	5	Rinderpest
40008	5894	0.1	0.538259	5	Rinderpest
40009	7316	0.1	0.537726	5	Rinderpest
40010	9080	0.1	0.535132	5	Rinderpest
40011	11270	0.1	0.528217	5	Rinderpest
40012	13988	0.1	0.530455	5	Rinderpest
40013	17362	0.1	0.531506	5	Rinderpest
40014	21550	0.1	0.532738	5	Rinderpest
40015	26748	0.1	0.534638	5	Rinderpest
40016	33199	0.1	0.537697	5	Rinderpest
40017	41207	0.1	0.537457	5	Rinderpest
40000	16000	0.1	0.1035	6	Rinderpest
40001	16000	0.1	0.10125	6	Rinderpest
40002	1571	0.1	0.551878	6	Rinderpest
40003	1950	0.1	0.531026	6	Rinderpest
40004	2420	0.1	0.522934	6	Rinderpest
40005	3004	0.1	0.524301	6	Rinderpest
40006	3729	0.1	0.532314	6	Rinderpest
40007	4628	0.1	0.526469	6	Rinderpest
40008	5744	0.1	0.521936	6	Rinderpest
40009	7129	0.1	0.512975	6	Rinderpest
40010	8849	0.1	0.50921	6	Rinderpest
40011	10983	0.1	0.507785	6	Rinderpest
40012	13633	0.1	0.515257	6	Rinderpest
40013	16921	0.1	0.517641	6	Rinderpest
40014	21002	0.1	0.517736	6	Rinderpest
40015	26067	0.1	0.517148	6	Rinderpest
40016	32355	0.1	0.520739	6	Rinderpest
40017	40159	0.1	0.52276	6	Rinderpest
40000	16000	0.1	0.102656	7	Rinderpest
40001	16000	0.1	0.100125	7	Rinderpest
40002	1648	0.1	0.54551	7	Rinderpest
40003	2045	0.1	0.552812	7	Rinderpest
40004	2539	0.1	0.553171	7	Rinderpest
40005	3151	0.1	0.547763	7	Rinderpest
40006	3911	0.1	0.5528	7	Rinderpest
40007	4855	0.1	0.548816	7	Rinderpest
40008	6026	0.1	0.553767	7	Rinderpest
40009	7479	0.1	0.547867	7	Rinderpest
40010	9283	0.1	0.550415	7	Rinderpest
40011	11522	0.1	0.55585	7	Rinderpest
40012	14301	0.1	0.550486	7	Rinderpest
40013	17750	0.1	0.544873	7	Rinderpest
40014	22031	0.1	0.545027	7	Rinderpest
40015	27345	0.1	0.54573	7	Rinderpest
40016	33941	0.1	0.545609	7	Rinderpest
40017	42127	0.1	0.545612	7	Rinderpest
40000	16000	0.1	0.101344	8	Rinderpest
40001	16000	0.1	0.0986563	8	Rinderpest
40002	1572	0.1	0.536578	8	Rinderpest
40003	1951	0.1	0.540236	8	Rinderpest
40004	2422	0.1	0.538192	8	Rinderpest
40005	3006	0.1	0.537259	8	Rinderpest
40006	3731	0.1	0.54007	8	Rinderpest
40007	4631	0.1	0.55528	8	Rinderpest
40008	5748	0.1	0.557759	8	Rinderpest
40009	7134	0.1	0.55684	8	Rinderpest
40010	8855	0.1	0.561378	8	Rinderpest
40011	10990	0.1	0.561419	8	Rinderpest
40012	13641	0.1	0.561982	8	Rinderpest
40013	16931	0.1	0.564054	8	Rinderpest
40014	21015	0.1	0.560457	8	Rinderpest
40015	26084	0.1	0.563871	8	Rinderpest
40016	32375	0.1	0.56173	8	Rinderpest
40017	40184	0.1	0.565349	8	Rinderpest
40000	16000	0.1	0.1	9	Rinderpest
40001	16000	0.1	0.0987813	9	Rinderpest
40002	1592	0.1	0.541771	9	Rinderpest
40003	1976	0.1	0.541245	9	Rinderpest
40004	2453	0.1	0.535059	9	Rinderpest
40005	3044	0.1	0.535972	9	Rinderpest
40006	3778	0.1	0.531366	9	Rinderpest
40007	4690	0.1	0.528891	9	Rinderpest
40008	5821	0.1	0.531094	9	Rinderpest
40009	7225	0.1	0.533149	9	Rinderpest
40010	8967	0.1	0.533177	9	Rinderpest
40011	11130	0.1	0.535804	9	Rinderpest
40012	13815	0.1	0.536229	9	Rinderpest
40013	17147	0.1	0.537324	9	Rinderpest
40014	21283	0.1	0.53383	9	Rinderpest
40015	26416	0.1	0.535471	9	Rinderpest
40016	32787	0.1	0.539467	9	Rinderpest
40017	40696	0.1	0.540373	9	Rinderpest
40000	16000	0.1	0.100219	10	Rinderpest
40001	16000	0.1	0.0999688	10	Rinderpest
40002	1603	0.1	0.542109	10	Rinderpest
40003	1990	0.1	0.534422	10	Rinderpest
40004	2470	0.1	0.540486	10	Rinderpest
40005	3065	0.1	0.543719	10	Rinderpest
40006	3804	0.1	0.529311	10	Rinderpest
40007	4722	0.1	0.530707	10	Rinderpest
40008	5861	0.1	0.536342	10	Rinderpest
40009	7275	0.1	0.535739	10	Rinderpest
40010	9029	0.1	0.543471	10	Rinderpest
40011	11207	0.1	0.544303	10	Rinderpest
40012	13910	0.1	0.546441	10	Rinderpest
40013	17265	0.1	0.545497	10	Rinderpest
40014	21430	0.1	0.546034	10	Rinderpest
40015	26598	0.1	0.545943	10	Rinderpest
40016	33014	0.1	0.546511	10	Rinderpest
40017	40977	0.1	0.547795	10	Rinderpest
