Viability	N	aimfA	DeltaMean	FST	jSFS	GWAS	Scenario	Model	TrueDelta
VAA=1	20	0.1	0.443775	41.4	34.5	0	BA	Add	0.4424024
VAA=1	50	0.1	0.4446	94.3	83.3	0	BA	Add	0.4424024
VAA=1	100	0.1	0.44277	99	96.3	0	BA	Add	0.4424024
VAA=1	200	0.1	0.4417075	100	99.2	0	BA	Add	0.4424024
VAA=1	500	0.1	0.442189	100	100	0	BA	Add	0.4424024
VAA=1	20	0.1	0.445225	40.7	36.6	0	BP	Add	0.0463823
VAA=1	50	0.1	0.44534	92	86.4	0	BP	Add	0.0463823
VAA=1	100	0.1	0.44272	99.4	71.9	0	BP	Add	0.0463823
VAA=1	200	0.1	0.444905	100	99.1	0	BP	Add	0.0463823
VAA=1	500	0.1	0.445484	100	100	0	BP	Add	0.0463823
VAA=1	1000	0.1	0.445283	100	100	0	BP	Add	0.0463823
VAA=1	20	0.1	0.492625	75	58.4	44.7	DA	Add	0.4142564
VAA=1	50	0.1	0.49279	97.4	89.9	50	DA	Add	0.4142564
VAA=1	100	0.1	0.492895	99.7	97.6	54.2	DA	Add	0.4142564
VAA=1	200	0.1	0.49303	100	99.9	58.8	DA	Add	0.4142564
VAA=1	500	0.1	0.493238	100	100	63.2	DA	Add	0.4142564
VAA=0.8	20	0.1	0.34835	18.1	14.5	0	BA	Add	0.34612686
VAA=0.8	50	0.1	0.34795	81.9	67.5	0	BA	Add	0.34612686
VAA=0.8	100	0.1	0.34631	96.6	90.2	0	BA	Add	0.34612686
VAA=0.8	200	0.1	0.346395	100	99.1	0	BA	Add	0.34612686
VAA=0.8	500	0.1	0.34654	100	99.9	0	BA	Add	0.34612686
VAA=0.8	20	0.1	0.3396	15.6	11.5	0	BP	Add	0.34036716
VAA=0.8	50	0.1	0.33972	72.4	57.1	0	BP	Add	0.34036716
VAA=0.8	100	0.1	0.340785	94.7	85.4	0	BP	Add	0.34036716
VAA=0.8	200	0.1	0.34137	99.1	96.8	0	BP	Add	0.34036716
VAA=0.8	500	0.1	0.34117	100	99.9	0	BP	Add	0.34036716
VAA=0.5	20	0.1	0.1000875	1.2	0.7	0	BA	Add	0.0964326
VAA=0.5	20	0.2	0.400825	24.2	26.2	0	BA	Add	0.3984846
VAA=0.5	50	0.1	0.0999	16	6.7	0	BA	Add	0.0964326
VAA=0.5	50	0.2	0.39935	83	84.9	0	BA	Add	0.3984846
VAA=0.5	100	0.1	0.097585	58.1	29.6	0	BA	Add	0.0964326
VAA=0.5	100	0.2	0.39911	97.9	96.6	0	BA	Add	0.3984846
VAA=0.5	200	0.1	0.19187	94.5	72.6	0	BA	Add	0.0964326
VAA=0.5	200	0.2	0.40022	99.9	99.4	0	BA	Add	0.3984846
VAA=0.5	500	0.1	0.192166	100	95.1	0	BA	Add	0.0964326
VAA=0.5	500	0.2	0.398754	100	100	0	BA	Add	0.3984846
VAA=0.5	20	0.1	0.1000875	1.1	0.4	0	BP	Add	0.0335353
VAA=0.5	20	0.2	0.40415	24.5	25.7	0	BP	Add	0.030144
VAA=0.5	50	0.1	0.09818	13.1	5.3	0	BP	Add	0.0335353
VAA=0.5	50	0.2	0.40447	79.5	81.7	0	BP	Add	0.030144
VAA=0.5	100	0.1	0.09809	51.5	24.4	0	BP	Add	0.0335353
VAA=0.5	100	0.2	0.40338	96.3	95	0	BP	Add	0.030144
VAA=0.5	200	0.1	0.193405	90.4	56.8	0	BP	Add	0.0335353
VAA=0.5	200	0.2	0.4036875	98.9	98.4	0	BP	Add	0.030144
VAA=0.5	500	0.1	0.193364	99.5	88.3	0	BP	Add	0.0335353
VAA=0.5	500	0.2	0.402869	100	100	0	BP	Add	0.030144
VAA=0.5	20	0.1	0.11235	0.7	0.4	2.1	DA	Add	0.0160129
VAA=0.5	20	0.2	0.44145	37.5	37.6	9.8	DA	Add	0.2693838
VAA=0.5	50	0.1	0.10919	30.3	12.6	36.5	DA	Add	0.0160129
VAA=0.5	50	0.2	0.442	91.2	89.4	38.3	DA	Add	0.2693838
VAA=0.5	100	0.1	0.109835	83	50.9	88.8	DA	Add	0.0160129
VAA=0.5	100	0.2	0.44342	98.9	97.9	39.4	DA	Add	0.2693838
VAA=0.3	20	0.1	0.100875	0	0	0	BA	Add	0.0964326
VAA=0.3	20	0.2	0.202925	0.9	1.1	0	BA	Add	0.2008786
VAA=0.3	20	0.3	0.2952	4.8	6.5	0	BA	Add	0.2982674
VAA=0.3	50	0.1	0.0999	0.3	0	0	BA	Add	0.0964326
VAA=0.3	50	0.2	0.19984	8.7	8.2	0	BA	Add	0.2008786
VAA=0.3	50	0.3	0.29633	37.9	45.4	0	BA	Add	0.2982674
VAA=0.3	100	0.1	0.0971775	5.4	0.4	0	BA	Add	0.0964326
VAA=0.3	100	0.2	0.2011175	42	39.8	0	BA	Add	0.2008786
VAA=0.3	100	0.3	0.296575	85.7	88.2	0	BA	Add	0.2982674
VAA=0.3	200	0.1	0.0970025	22.9	2.1	0	BA	Add	0.0964326
VAA=0.3	200	0.2	0.201575	88.2	84.3	0	BA	Add	0.2008786
VAA=0.3	200	0.3	0.297535	98.4	98.6	0	BA	Add	0.2982674
VAA=0.3	500	0.1	0.096366	88.7	26.9	0	BA	Add	0.0964326
VAA=0.3	500	0.2	0.201628	99.9	99.5	0	BA	Add	0.2008786
VAA=0.3	500	0.3	0.296982	100	100	0	BA	Add	0.2982674
VAA=0.3	1000	0.3		100	100	0	BA	Add	0.2982674
VAA=0.3	20	0.1	0.09975	0	0	0	BP	Add	0.0335353
VAA=0.3	20	0.2	0.204975	0.8	0.7	0	BP	Add	0.03734
VAA=0.3	20	0.3	0.28935	3.3	4.4	0	BP	Add	0.053717
VAA=0.3	50	0.1	0.09818	0.7	0	0	BP	Add	0.0335353
VAA=0.3	50	0.2	0.20276	8.3	7.4	0	BP	Add	0.03734
VAA=0.3	50	0.3	0.28998	33.3	39.4	0	BP	Add	0.053717
VAA=0.3	100	0.1	0.0984425	2.7	0.2	0	BP	Add	0.0335353
VAA=0.3	100	0.2	0.2044525	37.3	37.5	0	BP	Add	0.03734
VAA=0.3	100	0.3	0.29152	77.1	81.5	0	BP	Add	0.053717
VAA=0.3	200	0.1	0.09913	15.7	0.9	0	BP	Add	0.0335353
VAA=0.3	200	0.2	0.2045625	84	77.3	0	BP	Add	0.03734
VAA=0.3	200	0.3	0.2921575	94.4	95.3	0	BP	Add	0.053717
VAA=0.3	500	0.1	0.09832	52.8	7.3	0	BP	Add	0.0335353
VAA=0.3	500	0.2	0.205671	98.7	97	0	BP	Add	0.03734
VAA=0.3	500	0.3	0.293058	99.4	99.4	0	BP	Add	0.053717
VAA=0.3	1000	0.3		99.9	99.8	0	BP	Add	0.053717
VAA=0.3	20	0.1	0.11	0	0	0	DA	Add	0.0160129
VAA=0.3	20	0.2	0.2181	1	0.9	2.3	DA	Add	0.0337291
VAA=0.3	20	0.3	0.334475	7.5	8.6	2	DA	Add	0.0549606
VAA=0.3	50	0.1	0.11099	1.2	0	0.8	DA	Add	0.0160129
VAA=0.3	50	0.2	0.21793	16.1	13.9	23.4	DA	Add	0.0337291
VAA=0.3	50	0.3	0.32731	58.2	63.3	62.8	DA	Add	0.0549606
VAA=0.3	100	0.1	0.10954	9.4	1.3	8.5	DA	Add	0.0160129
VAA=0.3	100	0.2	0.219965	61.6	56.4	70.7	DA	Add	0.0337291
VAA=0.3	100	0.3	0.333275	94.5	94.8	93.5	DA	Add	0.0549606
